// Vitest Snapshot v1, https://vitest.dev/guide/snapshot.html

exports[`UserPostCard > matches the snapshot 1`] = `
"<div data-slot="card" class="bg-card text-card-foreground flex flex-col gap-6 rounded-xl border py-6 shadow-sm">
  <div data-slot="card-header" class="@container/card-header grid auto-rows-min grid-rows-[auto_auto] items-start gap-1.5 px-6 has-data-[slot=card-action]:grid-cols-[1fr_auto] [.border-b]:pb-6">
    <h3 data-slot="card-title" class="leading-none font-semibold">Card with shadcn library</h3>
    <p data-slot="card-description" class="text-muted-foreground text-sm">Card Description</p>
  </div>
  <div data-slot="card-content" class="px-6"> Card Content </div>
  <div data-slot="card-footer" class="flex items-center px-6 [.border-t]:pt-6"> Card Footer </div>
</div>"
`;
